[coderthemes.com/abstack/layouts/gradient/index.html]
[backblue.gif]
[fade.gif]
[index.html]
[coderthemes.com/abstack/layouts/gradient/assets/images/favicon.ico]
[coderthemes.com/abstack/layouts/gradient/assets/css/bootstrap.min.css]
[coderthemes.com/abstack/layouts/gradient/assets/css/icons.min.css]
[coderthemes.com/abstack/layouts/gradient/assets/css/app.min.css]
[coderthemes.com/abstack/layouts/gradient/assets/images/flags/us.jpg]
[coderthemes.com/abstack/layouts/gradient/assets/images/flags/germany.jpg]
[coderthemes.com/abstack/layouts/gradient/assets/images/flags/italy.jpg]
[coderthemes.com/abstack/layouts/gradient/assets/images/flags/spain.jpg]
[coderthemes.com/abstack/layouts/gradient/assets/images/flags/russia.jpg]
[coderthemes.com/abstack/layouts/gradient/assets/images/users/avatar-1.jpg]
[coderthemes.com/abstack/layouts/gradient/assets/images/logo-light.png]
[coderthemes.com/abstack/layouts/gradient/assets/images/logo-sm.png]
[coderthemes.com/abstack/layouts/gradient/ui-typography.html]
[coderthemes.com/abstack/layouts/gradient/ui-cards.html]
[coderthemes.com/abstack/layouts/gradient/ui-buttons.html]
[coderthemes.com/abstack/layouts/gradient/ui-modals.html]
[coderthemes.com/abstack/layouts/gradient/ui-checkbox-radio.html]
[coderthemes.com/abstack/layouts/gradient/ui-tabs.html]
[coderthemes.com/abstack/layouts/gradient/ui-progressbars.html]
[coderthemes.com/abstack/layouts/gradient/ui-notifications.html]
[coderthemes.com/abstack/layouts/gradient/ui-grid.html]
[coderthemes.com/abstack/layouts/gradient/ui-sweet-alert.html]
[coderthemes.com/abstack/layouts/gradient/ui-bootstrap.html]
[coderthemes.com/abstack/layouts/gradient/icons-materialdesign.html]
[coderthemes.com/abstack/layouts/gradient/icons-dripicons.html]
[coderthemes.com/abstack/layouts/gradient/icons-fontawesome.html]
[coderthemes.com/abstack/layouts/gradient/icons-feather.html]
[coderthemes.com/abstack/layouts/gradient/charts-flot.html]
[coderthemes.com/abstack/layouts/gradient/charts-morris.html]
[coderthemes.com/abstack/layouts/gradient/charts-chartjs.html]
[coderthemes.com/abstack/layouts/gradient/charts-sparkline.html]
[coderthemes.com/abstack/layouts/gradient/charts-knob.html]
[coderthemes.com/abstack/layouts/gradient/email-inbox.html]
[coderthemes.com/abstack/layouts/gradient/email-read.html]
[coderthemes.com/abstack/layouts/gradient/email-compose.html]
[coderthemes.com/abstack/layouts/gradient/form-elements.html]
[coderthemes.com/abstack/layouts/gradient/form-advanced.html]
[coderthemes.com/abstack/layouts/gradient/form-validation.html]
[coderthemes.com/abstack/layouts/gradient/form-pickers.html]
[coderthemes.com/abstack/layouts/gradient/form-wizard.html]
[coderthemes.com/abstack/layouts/gradient/form-mask.html]
[coderthemes.com/abstack/layouts/gradient/forms-quilljs.html]
[coderthemes.com/abstack/layouts/gradient/form-x-editable.html]
[coderthemes.com/abstack/layouts/gradient/form-uploads.html]
[coderthemes.com/abstack/layouts/gradient/tables-basic.html]
[coderthemes.com/abstack/layouts/gradient/tables-datatable.html]
[coderthemes.com/abstack/layouts/gradient/tables-responsive.html]
[coderthemes.com/abstack/layouts/gradient/tables-tablesaw.html]
[coderthemes.com/abstack/layouts/gradient/tables-editable.html]
[coderthemes.com/abstack/layouts/gradient/maps-google.html]
[coderthemes.com/abstack/layouts/gradient/maps-vector.html]
[coderthemes.com/abstack/layouts/gradient/maps-mapael.html]
[coderthemes.com/abstack/layouts/gradient/calendar.html]
[coderthemes.com/abstack/layouts/gradient/pages-starter.html]
[coderthemes.com/abstack/layouts/gradient/pages-login.html]
[coderthemes.com/abstack/layouts/gradient/pages-register.html]
[coderthemes.com/abstack/layouts/gradient/pages-logout.html]
[coderthemes.com/abstack/layouts/gradient/pages-recoverpw.html]
[coderthemes.com/abstack/layouts/gradient/pages-lock-screen.html]
[coderthemes.com/abstack/layouts/gradient/pages-confirm-mail.html]
[coderthemes.com/abstack/layouts/gradient/pages-404.html]
[coderthemes.com/abstack/layouts/gradient/pages-404-alt.html]
[coderthemes.com/abstack/layouts/gradient/pages-500.html]
[coderthemes.com/abstack/layouts/gradient/extras-timeline.html]
[coderthemes.com/abstack/layouts/gradient/extras-invoice.html]
[coderthemes.com/abstack/layouts/gradient/extras-faq.html]
[coderthemes.com/abstack/layouts/gradient/extras-pricing.html]
[coderthemes.com/abstack/layouts/gradient/extras-email-template.html]
[coderthemes.com/abstack/layouts/gradient/assets/images/users/avatar-2.jpg]
[coderthemes.com/abstack/layouts/gradient/assets/images/users/avatar-3.jpg]
[coderthemes.com/abstack/layouts/gradient/assets/images/users/avatar-4.jpg]
[coderthemes.com/abstack/layouts/gradient/assets/images/users/avatar-5.jpg]
[coderthemes.com/abstack/layouts/gradient/assets/images/users/avatar-6.jpg]
[coderthemes.com/abstack/layouts/gradient/assets/images/users/avatar-8.jpg]
[coderthemes.com/abstack/layouts/gradient/assets/images/users/avatar-9.jpg]
[coderthemes.com/abstack/layouts/gradient/assets/js/vendor.min.js]
[coderthemes.com/abstack/layouts/gradient/assets/libs/chart-js/Chart.bundle.min.js]
[coderthemes.com/abstack/layouts/gradient/assets/js/pages/dashboard.init.js]
[coderthemes.com/abstack/layouts/gradient/assets/js/app.min.js]
[coderthemes.com/abstack/layouts/gradient/index.html]
[coderthemes.com/abstack/layouts/gradient/assets/css/bootstrap.min.css]
[coderthemes.com/abstack/layouts/gradient/assets/fonts/materialdesignicons-webfonte013.eot]
[coderthemes.com/abstack/layouts/gradient/assets/fonts/materialdesignicons-webfontd41d.eot]
[coderthemes.com/abstack/layouts/gradient/assets/fonts/materialdesignicons-webfonte013.woff2]
[coderthemes.com/abstack/layouts/gradient/assets/fonts/materialdesignicons-webfonte013.woff]
[coderthemes.com/abstack/layouts/gradient/assets/fonts/materialdesignicons-webfonte013.ttf]
[coderthemes.com/abstack/layouts/gradient/assets/fonts/feathere8ab.eot]
[coderthemes.com/abstack/layouts/gradient/assets/fonts/feathere8ab.woff]
[coderthemes.com/abstack/layouts/gradient/assets/fonts/feathere8ab.ttf]
[coderthemes.com/abstack/layouts/gradient/assets/fonts/fa-brands-400.eot]
[coderthemes.com/abstack/layouts/gradient/assets/fonts/fa-brands-400d41d.eot]
[coderthemes.com/abstack/layouts/gradient/assets/fonts/fa-brands-400.woff2]
[coderthemes.com/abstack/layouts/gradient/assets/fonts/fa-brands-400.woff]
[coderthemes.com/abstack/layouts/gradient/assets/fonts/fa-brands-400.ttf]
[coderthemes.com/abstack/layouts/gradient/assets/fonts/fa-regular-400.eot]
[coderthemes.com/abstack/layouts/gradient/assets/fonts/fa-regular-400d41d.eot]
[coderthemes.com/abstack/layouts/gradient/assets/fonts/fa-regular-400.woff2]
[coderthemes.com/abstack/layouts/gradient/assets/fonts/fa-regular-400.woff]
[coderthemes.com/abstack/layouts/gradient/assets/fonts/fa-regular-400.ttf]
[coderthemes.com/abstack/layouts/gradient/assets/fonts/fa-solid-900.eot]
[coderthemes.com/abstack/layouts/gradient/assets/fonts/fa-solid-900d41d.eot]
[coderthemes.com/abstack/layouts/gradient/assets/fonts/fa-solid-900.woff2]
[coderthemes.com/abstack/layouts/gradient/assets/fonts/fa-solid-900.woff]
[coderthemes.com/abstack/layouts/gradient/assets/fonts/fa-solid-900.ttf]
[coderthemes.com/abstack/layouts/gradient/assets/fonts/dripicons-v2.eot]
[coderthemes.com/abstack/layouts/gradient/assets/fonts/dripicons-v2d41d.eot]
[coderthemes.com/abstack/layouts/gradient/assets/fonts/dripicons-v2.woff]
[coderthemes.com/abstack/layouts/gradient/assets/fonts/dripicons-v2.ttf]
[coderthemes.com/abstack/layouts/gradient/assets/css/icons.min.css]
[coderthemes.com/abstack/layouts/gradient/assets/css/app.min.css]
[coderthemes.com/abstack/layouts/gradient/ui-typography.html]
[coderthemes.com/abstack/layouts/gradient/assets/images/small/img-1.jpg]
[coderthemes.com/abstack/layouts/gradient/assets/images/small/img-2.jpg]
[coderthemes.com/abstack/layouts/gradient/assets/images/small/img-3.jpg]
[coderthemes.com/abstack/layouts/gradient/assets/images/small/img-4.jpg]
[coderthemes.com/abstack/layouts/gradient/assets/images/small/img-5.jpg]
[coderthemes.com/abstack/layouts/gradient/assets/images/small/img-7.jpg]
[coderthemes.com/abstack/layouts/gradient/assets/images/small/img-6.jpg]
[coderthemes.com/abstack/layouts/gradient/ui-cards.html]
[coderthemes.com/abstack/layouts/gradient/ui-buttons.html]
[coderthemes.com/abstack/layouts/gradient/assets/libs/custombox/custombox.min.css]
[coderthemes.com/abstack/layouts/gradient/assets/images/logo-dark.png]
[coderthemes.com/abstack/layouts/gradient/assets/libs/custombox/custombox.min.js]
[coderthemes.com/abstack/layouts/gradient/ui-modals.html]
[coderthemes.com/abstack/layouts/gradient/ui-checkbox-radio.html]
[coderthemes.com/abstack/layouts/gradient/ui-tabs.html]
[coderthemes.com/abstack/layouts/gradient/ui-progressbars.html]
[coderthemes.com/abstack/layouts/gradient/assets/libs/jquery-toast/jquery.toast.min.css]
[coderthemes.com/abstack/layouts/gradient/assets/libs/jquery-toast/jquery.toast.min.js]
[coderthemes.com/abstack/layouts/gradient/assets/js/pages/toastr.init.js]
[coderthemes.com/abstack/layouts/gradient/ui-notifications.html]
[coderthemes.com/abstack/layouts/gradient/ui-grid.html]
[coderthemes.com/abstack/layouts/gradient/assets/libs/sweetalert2/sweetalert2.min.css]
[coderthemes.com/abstack/layouts/gradient/assets/libs/sweetalert2/sweetalert2.min.js]
[coderthemes.com/abstack/layouts/gradient/assets/js/pages/sweetalerts.init.js]
[coderthemes.com/abstack/layouts/gradient/ui-sweet-alert.html]
[coderthemes.com/abstack/layouts/gradient/ui-bootstrap.html]
[coderthemes.com/abstack/layouts/gradient/icons-materialdesign.html]
[coderthemes.com/abstack/layouts/gradient/icons-dripicons.html]
[coderthemes.com/abstack/layouts/gradient/icons-fontawesome.html]
[coderthemes.com/abstack/layouts/gradient/icons-feather.html]
[coderthemes.com/abstack/layouts/gradient/assets/libs/flot-charts/jquery.flot.js]
[coderthemes.com/abstack/layouts/gradient/assets/libs/flot-charts/jquery.flot.time.js]
[coderthemes.com/abstack/layouts/gradient/assets/libs/flot-charts/jquery.flot.tooltip.min.js]
[coderthemes.com/abstack/layouts/gradient/assets/libs/flot-charts/jquery.flot.resize.js]
[coderthemes.com/abstack/layouts/gradient/assets/libs/flot-charts/jquery.flot.pie.js]
[coderthemes.com/abstack/layouts/gradient/assets/libs/flot-charts/jquery.flot.selection.js]
[coderthemes.com/abstack/layouts/gradient/assets/libs/flot-charts/jquery.flot.stack.js]
[coderthemes.com/abstack/layouts/gradient/assets/libs/flot-charts/jquery.flot.orderBars.js]
[coderthemes.com/abstack/layouts/gradient/assets/libs/flot-charts/jquery.flot.crosshair.js]
[coderthemes.com/abstack/layouts/gradient/assets/libs/flot-charts/curvedLines.js]
[coderthemes.com/abstack/layouts/gradient/assets/libs/flot-charts/jquery.flot.axislabels.js]
[coderthemes.com/abstack/layouts/gradient/assets/js/pages/flot.init.js]
[coderthemes.com/abstack/layouts/gradient/charts-flot.html]
[coderthemes.com/abstack/layouts/gradient/assets/libs/morris-js/morris.min.js]
[coderthemes.com/abstack/layouts/gradient/assets/libs/raphael/raphael.min.js]
[coderthemes.com/abstack/layouts/gradient/assets/js/pages/morris.init.js]
[coderthemes.com/abstack/layouts/gradient/charts-morris.html]
[coderthemes.com/abstack/layouts/gradient/assets/js/pages/chartjs.init.js]
[coderthemes.com/abstack/layouts/gradient/charts-chartjs.html]
[coderthemes.com/abstack/layouts/gradient/assets/libs/jquery-sparkline/jquery.sparkline.min.js]
[coderthemes.com/abstack/layouts/gradient/assets/js/pages/sparkline.init.js]
[coderthemes.com/abstack/layouts/gradient/charts-sparkline.html]
[coderthemes.com/abstack/layouts/gradient/assets/libs/jquery-knob/jquery.knob.min.js]
[coderthemes.com/abstack/layouts/gradient/charts-knob.html]
[coderthemes.com/abstack/layouts/gradient/email-inbox.html]
[coderthemes.com/abstack/layouts/gradient/assets/libs/summernote/summernote-bs4.css]
[coderthemes.com/abstack/layouts/gradient/assets/images/attached-files/img-1.jpg]
[coderthemes.com/abstack/layouts/gradient/assets/images/attached-files/img-2.jpg]
[coderthemes.com/abstack/layouts/gradient/assets/images/attached-files/img-3.jpg]
[coderthemes.com/abstack/layouts/gradient/assets/images/users/avatar-7.jpg]
[coderthemes.com/abstack/layouts/gradient/email-read.html]
[coderthemes.com/abstack/layouts/gradient/email-compose.html]
[coderthemes.com/abstack/layouts/gradient/form-elements.html]
[coderthemes.com/abstack/layouts/gradient/assets/libs/summernote/summernote-bs4.min.js]
[coderthemes.com/abstack/layouts/gradient/assets/libs/bootstrap-tagsinput/bootstrap-tagsinput.css]
[coderthemes.com/abstack/layouts/gradient/assets/libs/switchery/switchery.min.css]
[coderthemes.com/abstack/layouts/gradient/assets/libs/select2/select2.min.css]
[coderthemes.com/abstack/layouts/gradient/assets/libs/bootstrap-select/bootstrap-select.min.css]
[coderthemes.com/abstack/layouts/gradient/assets/libs/bootstrap-touchspin/jquery.bootstrap-touchspin.css]
[coderthemes.com/abstack/layouts/gradient/assets/libs/switchery/switchery.min.js]
[coderthemes.com/abstack/layouts/gradient/assets/libs/bootstrap-tagsinput/bootstrap-tagsinput.min.js]
[coderthemes.com/abstack/layouts/gradient/assets/libs/select2/select2.min.js]
[coderthemes.com/abstack/layouts/gradient/assets/libs/jquery-mockjax/jquery.mockjax.min.js]
[coderthemes.com/abstack/layouts/gradient/assets/libs/autocomplete/jquery.autocomplete.min.js]
[coderthemes.com/abstack/layouts/gradient/assets/libs/bootstrap-select/bootstrap-select.min.js]
[coderthemes.com/abstack/layouts/gradient/assets/libs/bootstrap-touchspin/jquery.bootstrap-touchspin.min.js]
[coderthemes.com/abstack/layouts/gradient/assets/libs/bootstrap-maxlength/bootstrap-maxlength.min.js]
[coderthemes.com/abstack/layouts/gradient/assets/libs/bootstrap-filestyle2/bootstrap-filestyle.min.js]
[coderthemes.com/abstack/layouts/gradient/assets/js/pages/form-advanced.init.js]
[coderthemes.com/abstack/layouts/gradient/form-advanced.html]
[coderthemes.com/abstack/layouts/gradient/assets/libs/parsleyjs/parsley.min.js]
[coderthemes.com/abstack/layouts/gradient/assets/js/pages/form-validation.init.js]
[coderthemes.com/abstack/layouts/gradient/form-validation.html]
[coderthemes.com/abstack/layouts/gradient/assets/libs/bootstrap-colorpicker/bootstrap-colorpicker.min.css]
[coderthemes.com/abstack/layouts/gradient/assets/libs/clockpicker/bootstrap-clockpicker.min.css]
[coderthemes.com/abstack/layouts/gradient/assets/libs/bootstrap-timepicker/bootstrap-timepicker.min.css]
[coderthemes.com/abstack/layouts/gradient/assets/libs/bootstrap-daterangepicker/daterangepicker.css]
[coderthemes.com/abstack/layouts/gradient/assets/libs/moment/moment.min.js]
[coderthemes.com/abstack/layouts/gradient/assets/libs/bootstrap-colorpicker/bootstrap-colorpicker.min.js]
[coderthemes.com/abstack/layouts/gradient/assets/libs/bootstrap-timepicker/bootstrap-timepicker.min.js]
[coderthemes.com/abstack/layouts/gradient/assets/libs/clockpicker/bootstrap-clockpicker.min.js]
[coderthemes.com/abstack/layouts/gradient/assets/libs/bootstrap-daterangepicker/daterangepicker.js]
[coderthemes.com/abstack/layouts/gradient/assets/js/pages/form-pickers.init.js]
[coderthemes.com/abstack/layouts/gradient/form-pickers.html]
[coderthemes.com/abstack/layouts/gradient/assets/libs/jquery-steps/jquery.steps.min.js]
[coderthemes.com/abstack/layouts/gradient/assets/js/pages/wizard-init.js]
[coderthemes.com/abstack/layouts/gradient/form-wizard.html]
[coderthemes.com/abstack/layouts/gradient/assets/libs/jquery-mask-plugin/jquery.mask.min.js]
[coderthemes.com/abstack/layouts/gradient/assets/libs/autonumeric/autoNumeric-min.js]
[coderthemes.com/abstack/layouts/gradient/assets/js/pages/form-masks.init.js]
[coderthemes.com/abstack/layouts/gradient/form-mask.html]
[coderthemes.com/abstack/layouts/gradient/assets/libs/quill/quill.core.css]
[coderthemes.com/abstack/layouts/gradient/assets/libs/quill/quill.bubble.css]
[coderthemes.com/abstack/layouts/gradient/assets/libs/quill/quill.snow.css]
[coderthemes.com/abstack/layouts/gradient/assets/libs/katex/katex.min.js]
[coderthemes.com/abstack/layouts/gradient/assets/libs/quill/quill.min.js]
[coderthemes.com/abstack/layouts/gradient/assets/js/pages/form-quilljs.init.js]
[coderthemes.com/abstack/layouts/gradient/forms-quilljs.html]
[coderthemes.com/abstack/layouts/gradient/assets/libs/x-editable/bootstrap-editable.css]
[coderthemes.com/abstack/layouts/gradient/assets/libs/x-editable/bootstrap-editable.min.js]
[coderthemes.com/abstack/layouts/gradient/assets/js/pages/form-xeditable.init.js]
[coderthemes.com/abstack/layouts/gradient/form-x-editable.html]
[coderthemes.com/abstack/layouts/gradient/assets/libs/dropzone/dropzone.min.css]
[coderthemes.com/abstack/layouts/gradient/form-uploads.html]
[coderthemes.com/abstack/layouts/gradient/tables-basic.html]
[coderthemes.com/abstack/layouts/gradient/assets/libs/dropzone/dropzone.min.js]
[coderthemes.com/abstack/layouts/gradient/assets/libs/datatables/dataTables.bootstrap4.css]
[coderthemes.com/abstack/layouts/gradient/assets/libs/datatables/buttons.bootstrap4.css]
[coderthemes.com/abstack/layouts/gradient/assets/libs/datatables/responsive.bootstrap4.css]
[coderthemes.com/abstack/layouts/gradient/assets/libs/datatables/jquery.dataTables.min.js]
[coderthemes.com/abstack/layouts/gradient/assets/libs/datatables/dataTables.bootstrap4.min.js]
[coderthemes.com/abstack/layouts/gradient/assets/libs/datatables/dataTables.buttons.min.js]
[coderthemes.com/abstack/layouts/gradient/assets/libs/datatables/buttons.bootstrap4.min.js]
[coderthemes.com/abstack/layouts/gradient/assets/libs/jszip/jszip.min.js]
[coderthemes.com/abstack/layouts/gradient/assets/libs/pdfmake/pdfmake.min.js]
[coderthemes.com/abstack/layouts/gradient/assets/libs/datatables/buttons.html5.min.js]
[coderthemes.com/abstack/layouts/gradient/assets/libs/datatables/buttons.print.min.js]
[coderthemes.com/abstack/layouts/gradient/assets/libs/datatables/dataTables.responsive.min.js]
[coderthemes.com/abstack/layouts/gradient/assets/libs/datatables/responsive.bootstrap4.min.js]
[coderthemes.com/abstack/layouts/gradient/assets/libs/pdfmake/vfs_fonts.js]
[coderthemes.com/abstack/layouts/gradient/assets/js/pages/datatables.init.js]
[coderthemes.com/abstack/layouts/gradient/tables-datatable.html]
[coderthemes.com/abstack/layouts/gradient/assets/libs/rwd-table/rwd-table.min.css]
[coderthemes.com/abstack/layouts/gradient/assets/libs/rwd-table/rwd-table.min.js]
[coderthemes.com/abstack/layouts/gradient/assets/js/pages/responsive-table.init.js]
[coderthemes.com/abstack/layouts/gradient/tables-responsive.html]
[coderthemes.com/abstack/layouts/gradient/assets/libs/tablesaw/tablesaw.css]
[coderthemes.com/abstack/layouts/gradient/assets/libs/tablesaw/tablesaw.js]
[coderthemes.com/abstack/layouts/gradient/assets/js/pages/tablesaw.init.js]
[coderthemes.com/abstack/layouts/gradient/tables-tablesaw.html]
[coderthemes.com/abstack/layouts/gradient/assets/libs/jquery-tabledit/jquery.tabledit.min.js]
[coderthemes.com/abstack/layouts/gradient/assets/js/pages/tabledit.init.js]
[coderthemes.com/abstack/layouts/gradient/tables-editable.html]
[coderthemes.com/abstack/layouts/gradient/assets/libs/gmaps/gmaps.min.js]
[coderthemes.com/abstack/layouts/gradient/assets/js/pages/gmaps.init.js]
[coderthemes.com/abstack/layouts/gradient/maps-google.html]
[coderthemes.com/abstack/layouts/gradient/assets/libs/jquery-vectormap/jquery-jvectormap-1.2.2.css]
[coderthemes.com/abstack/layouts/gradient/assets/libs/jquery-vectormap/jquery-jvectormap-1.2.2.min.js]
[coderthemes.com/abstack/layouts/gradient/assets/libs/jquery-vectormap/jquery-jvectormap-world-mill-en.js]
[coderthemes.com/abstack/layouts/gradient/assets/libs/jquery-vectormap/jquery-jvectormap-us-merc-en.js]
[coderthemes.com/abstack/layouts/gradient/assets/libs/jquery-vectormap/jquery-jvectormap-au-mill-en.js]
[coderthemes.com/abstack/layouts/gradient/assets/libs/jquery-vectormap/jquery-jvectormap-in-mill-en.js]
[coderthemes.com/abstack/layouts/gradient/assets/libs/jquery-vectormap/jquery-jvectormap-us-il-chicago-mill-en.js]
[coderthemes.com/abstack/layouts/gradient/assets/libs/jquery-vectormap/jquery-jvectormap-uk-mill-en.js]
[coderthemes.com/abstack/layouts/gradient/assets/libs/jquery-vectormap/jquery-jvectormap-ca-lcc-en.js]
[coderthemes.com/abstack/layouts/gradient/assets/js/pages/jvectormap.init.js]
[coderthemes.com/abstack/layouts/gradient/maps-vector.html]
[coderthemes.com/abstack/layouts/gradient/assets/libs/jquery-mapael/jquery.mapael.min.js]
[coderthemes.com/abstack/layouts/gradient/assets/libs/jquery-mapael/world_countries.min.js]
[coderthemes.com/abstack/layouts/gradient/assets/libs/jquery-mapael/usa_states.min.js]
[coderthemes.com/abstack/layouts/gradient/assets/js/pages/mapael-map.init.js]
[coderthemes.com/abstack/layouts/gradient/maps-mapael.html]
[coderthemes.com/abstack/layouts/gradient/assets/libs/fullcalendar/fullcalendar.min.css]
[coderthemes.com/abstack/layouts/gradient/assets/libs/jquery-ui/jquery-ui.min.js]
[coderthemes.com/abstack/layouts/gradient/assets/js/pages/calendar.init.js]
[coderthemes.com/abstack/layouts/gradient/calendar.html]
[coderthemes.com/abstack/layouts/gradient/pages-starter.html]
[coderthemes.com/abstack/layouts/gradient/pages-login.html]
[coderthemes.com/abstack/layouts/gradient/pages-register.html]
[coderthemes.com/abstack/layouts/gradient/pages-logout.html]
[coderthemes.com/abstack/layouts/gradient/pages-recoverpw.html]
[coderthemes.com/abstack/layouts/gradient/pages-lock-screen.html]
[coderthemes.com/abstack/layouts/gradient/pages-confirm-mail.html]
[coderthemes.com/abstack/layouts/gradient/pages-404.html]
[coderthemes.com/abstack/layouts/gradient/pages-404-alt.html]
[coderthemes.com/abstack/layouts/gradient/pages-500.html]
[coderthemes.com/abstack/layouts/gradient/extras-timeline.html]
[coderthemes.com/abstack/layouts/gradient/extras-invoice.html]
[coderthemes.com/abstack/layouts/gradient/assets/libs/fullcalendar/fullcalendar.min.js]
[coderthemes.com/abstack/layouts/gradient/assets/images/faq_icons/shield-1.png]
[coderthemes.com/abstack/layouts/gradient/assets/images/faq_icons/envelope.png]
[coderthemes.com/abstack/layouts/gradient/assets/images/faq_icons/edit.png]
[coderthemes.com/abstack/layouts/gradient/assets/images/faq_icons/files.png]
[coderthemes.com/abstack/layouts/gradient/assets/images/faq_icons/open-book-1.png]
[coderthemes.com/abstack/layouts/gradient/assets/images/faq_icons/tag.png]
[coderthemes.com/abstack/layouts/gradient/extras-faq.html]
[coderthemes.com/abstack/layouts/gradient/extras-pricing.html]
[coderthemes.com/abstack/layouts/gradient/email-templates-action.html]
[coderthemes.com/abstack/layouts/gradient/assets/images/email/1.png]
[coderthemes.com/abstack/layouts/gradient/email-templates-alert.html]
[coderthemes.com/abstack/layouts/gradient/assets/images/email/2.png]
[coderthemes.com/abstack/layouts/gradient/email-templates-billing.html]
[coderthemes.com/abstack/layouts/gradient/assets/images/email/3.png]
[coderthemes.com/abstack/layouts/gradient/extras-email-template.html]
[coderthemes.com/abstack/layouts/gradient/assets/fonts/feathere8ab.svg]
[coderthemes.com/abstack/layouts/gradient/assets/fonts/fa-brands-400.svg]
[coderthemes.com/abstack/layouts/gradient/assets/fonts/fa-regular-400.svg]
[coderthemes.com/abstack/layouts/gradient/assets/fonts/fa-solid-900.svg]
[coderthemes.com/abstack/layouts/gradient/assets/fonts/dripicons-v2.svg]
[coderthemes.com/abstack/layouts/gradient/assets/libs/custombox/custombox.min.css]
[coderthemes.com/abstack/layouts/gradient/page-recoverpw.html]
[coderthemes.com/abstack/layouts/gradient/assets/libs/jquery-toast/jquery.toast.min.css]
[coderthemes.com/abstack/layouts/gradient/assets/libs/sweetalert2/sweetalert2.min.css]
[coderthemes.com/abstack/layouts/gradient/assets/libs/summernote/summernote-bs4.css]
[coderthemes.com/abstack/layouts/gradient/assets/libs/bootstrap-tagsinput/bootstrap-tagsinput.css]
[coderthemes.com/abstack/layouts/gradient/assets/libs/switchery/switchery.min.css]
[coderthemes.com/abstack/layouts/gradient/assets/libs/select2/select2.min.css]
[coderthemes.com/abstack/layouts/gradient/assets/libs/bootstrap-select/bootstrap-select.min.css]
[coderthemes.com/abstack/layouts/gradient/assets/libs/bootstrap-touchspin/jquery.bootstrap-touchspin.css]
[coderthemes.com/abstack/layouts/gradient/assets/libs/bootstrap-colorpicker/bootstrap-colorpicker.min.css]
[coderthemes.com/abstack/layouts/gradient/assets/libs/clockpicker/bootstrap-clockpicker.min.css]
[coderthemes.com/abstack/layouts/gradient/assets/libs/bootstrap-timepicker/bootstrap-timepicker.min.css]
[coderthemes.com/abstack/layouts/gradient/assets/libs/bootstrap-daterangepicker/daterangepicker.css]
[coderthemes.com/abstack/layouts/gradient/assets/libs/quill/quill.core.css]
[coderthemes.com/abstack/layouts/gradient/assets/libs/quill/quill.bubble.css]
[coderthemes.com/abstack/layouts/gradient/assets/libs/quill/quill.snow.css]
[coderthemes.com/abstack/layouts/gradient/assets/libs/x-editable/bootstrap-editable.css]
[coderthemes.com/abstack/layouts/gradient/assets/libs/dropzone/dropzone.min.css]
[coderthemes.com/abstack/layouts/gradient/assets/libs/datatables/dataTables.bootstrap4.css]
[coderthemes.com/abstack/layouts/gradient/assets/libs/datatables/buttons.bootstrap4.css]
[coderthemes.com/abstack/layouts/gradient/assets/libs/datatables/responsive.bootstrap4.css]
[coderthemes.com/abstack/layouts/gradient/assets/libs/rwd-table/rwd-table.min.css]
[coderthemes.com/abstack/layouts/gradient/assets/libs/tablesaw/tablesaw.css]
[coderthemes.com/abstack/layouts/gradient/assets/libs/jquery-vectormap/jquery-jvectormap-1.2.2.css]
[coderthemes.com/abstack/layouts/gradient/assets/libs/fullcalendar/fullcalendar.min.css]
[coderthemes.com/abstack/layouts/gradient/email-templates-action.html]
[coderthemes.com/abstack/layouts/gradient/email-templates-alert.html]
[coderthemes.com/abstack/layouts/gradient/email-templates-billing.html]
[coderthemes.com/abstack/layouts/gradient/assets/libs/summernote/font/summernotec360.html]
[coderthemes.com/abstack/layouts/gradient/assets/libs/summernote/font/summernotec360-2.html]
[coderthemes.com/abstack/layouts/gradient/assets/libs/summernote/font/summernotec360-3.html]
[coderthemes.com/abstack/layouts/gradient/assets/libs/img/loading.html]
[coderthemes.com/abstack/layouts/gradient/assets/libs/img/clear.html]
